
> vite_react_shadcn_ts@0.0.0 test
> vitest run


[1m[46m RUN [49m[22m [36mv3.2.4 [39m[90mC:/Users/acer/OneDrive/Desktop/final-project02[39m

 [32mΓ£ô[39m src/test/example.test.ts [2m([22m[2m1 test[22m[2m)[22m[32m 5[2mms[22m[39m
node.exe : [90mstderr[2m 
| src/__tests__/leaderboard
.integration.test.tsx[2m 
> [22m[2mLeaderboard 
Integration[2m > 
[22m[2mshould render 
mock users after loading
At line:1 char:1
+ & "C:\Program 
Files\nodejs/node.exe" 
"C:\Program 
Files\nodejs/node_mo ...
+ ~~~~~~~~~~~~~~~~~~~~~~~~~
~~~~~~~~~~~~~~~~~~~~~~~~~~~
~~~~~~~~~~~~~~~~~
    + CategoryInfo         
     : NotSpecified: ([9  
  0mstderr[2m...s after   
  loading:String) [], R    
emoteException
    + FullyQualifiedErrorI 
   d : NativeCommandError
 
[22m[39mWarning: React 
does not recognize the 
`whileHover` prop on a DOM 
element. If you 
intentionally want it to 
appear in the DOM as a 
custom attribute, spell it 
as lowercase `whilehover` 
instead. If you 
accidentally passed it 
from a parent component, 
remove it from the DOM 
element.
    at button
    at button (C:\Users\ace
r\OneDrive\Desktop\final-pr
oject02\src\test\setup.tsx:
16:24)
    at nav
    at nav (C:\Users\acer\O
neDrive\Desktop\final-proje
ct02\src\test\setup.tsx:32:
21)
    at div
    at Leaderboard (C:\User
s\acer\OneDrive\Desktop\fin
al-project02\src\shared\pag
es\Leaderboard.tsx:108:59)
    at Router (C:\Users\ace
r\OneDrive\Desktop\final-pr
oject02\node_modules\react-
router\dist\umd\react-route
r.development.js:1207:17)
    at MemoryRouter (C:\Use
rs\acer\OneDrive\Desktop\fi
nal-project02\node_modules\
react-router\dist\umd\react
-router.development.js:1101
:7)
    at Provider (file:///C:
/Users/acer/OneDrive/Deskto
p/final-project02/node_modu
les/@radix-ui/react-context
/dist/index.mjs:27:15)
    at TooltipProvider (fil
e:///C:/Users/acer/OneDrive
/Desktop/final-project02/no
de_modules/@radix-ui/react-
tooltip/dist/index.mjs:29:5
)
    at QueryClientProvider 
(file:///C:/Users/acer/OneD
rive/Desktop/final-project0
2/node_modules/@tanstack/re
act-query/build/modern/Quer
yClientProvider.js:20:3)
    at AllTheProviders (C:\
Users\acer\OneDrive\Desktop
\final-project02\src\test\t
estUtils.tsx:23:28)
Warning: React does not 
recognize the `whileTap` 
prop on a DOM element. If 
you intentionally want it 
to appear in the DOM as a 
custom attribute, spell it 
as lowercase `whiletap` 
instead. If you 
accidentally passed it 
from a parent component, 
remove it from the DOM 
element.
    at button
    at button (C:\Users\ace
r\OneDrive\Desktop\final-pr
oject02\src\test\setup.tsx:
16:24)
    at nav
    at nav (C:\Users\acer\O
neDrive\Desktop\final-proje
ct02\src\test\setup.tsx:32:
21)
    at div
    at Leaderboard (C:\User
s\acer\OneDrive\Desktop\fin
al-project02\src\shared\pag
es\Leaderboard.tsx:108:59)
    at Router (C:\Users\ace
r\OneDrive\Desktop\final-pr
oject02\node_modules\react-
router\dist\umd\react-route
r.development.js:1207:17)
    at MemoryRouter (C:\Use
rs\acer\OneDrive\Desktop\fi
nal-project02\node_modules\
react-router\dist\umd\react
-router.development.js:1101
:7)
    at Provider (file:///C:
/Users/acer/OneDrive/Deskto
p/final-project02/node_modu
les/@radix-ui/react-context
/dist/index.mjs:27:15)
    at TooltipProvider (fil
e:///C:/Users/acer/OneDrive
/Desktop/final-project02/no
de_modules/@radix-ui/react-
tooltip/dist/index.mjs:29:5
)
    at QueryClientProvider 
(file:///C:/Users/acer/OneD
rive/Desktop/final-project0
2/node_modules/@tanstack/re
act-query/build/modern/Quer
yClientProvider.js:20:3)
    at AllTheProviders (C:\
Users\acer\OneDrive\Desktop
\final-project02\src\test\t
estUtils.tsx:23:28)
ΓÜá∩╕Å React Router Future 
Flag Warning: React Router 
will begin wrapping state 
updates in 
`React.startTransition` in 
v7. You can use the 
`v7_startTransition` 
future flag to opt-in 
early. For more 
information, see https://re
actrouter.com/v6/upgrading/
future#v7_starttransition.
ΓÜá∩╕Å React Router Future 
Flag Warning: Relative 
route resolution within 
Splat routes is changing 
in v7. You can use the 
`v7_relativeSplatPath` 
future flag to opt-in 
early. For more 
information, see https://re
actrouter.com/v6/upgrading/
future#v7_relativesplatpath
.

 [32mΓ£ô[39m src/__tests__/leaderboard.integration.test.tsx [2m([22m[2m2 tests[22m[2m)[22m[33m 715[2mms[22m[39m
   [33m[2mΓ£ô[22m[39m Leaderboard Integration[2m > [22mshould render mock users after loading [33m 629[2mms[22m[39m
[90mstderr[2m | src/__tes
ts__/ai.integration.test.ts
x[2m > 
[22m[2mAITutorPage 
Integration[2m > 
[22m[2mshould send a 
message and receive an AI 
response
[22m[39mΓÜá∩╕Å React 
Router Future Flag 
Warning: React Router will 
begin wrapping state 
updates in 
`React.startTransition` in 
v7. You can use the 
`v7_startTransition` 
future flag to opt-in 
early. For more 
information, see https://re
actrouter.com/v6/upgrading/
future#v7_starttransition.
ΓÜá∩╕Å React Router Future 
Flag Warning: Relative 
route resolution within 
Splat routes is changing 
in v7. You can use the 
`v7_relativeSplatPath` 
future flag to opt-in 
early. For more 
information, see https://re
actrouter.com/v6/upgrading/
future#v7_relativesplatpath
.

[90mstderr[2m | src/__tes
ts__/auth.integration.test.
tsx[2m > 
[22m[2mAuthPage 
Integration[2m > 
[22m[2mshould 
successfully log in and 
navigate to dashboard
[22m[39mWarning: React 
does not recognize the 
`whileHover` prop on a DOM 
element. If you 
intentionally want it to 
appear in the DOM as a 
custom attribute, spell it 
as lowercase `whilehover` 
instead. If you 
accidentally passed it 
from a parent component, 
remove it from the DOM 
element.
    at button
    at button (C:\Users\ace
r\OneDrive\Desktop\final-pr
oject02\src\test\setup.tsx:
16:24)
    at file:///C:/Users/ace
r/OneDrive/Desktop/final-pr
oject02/node_modules/@radix
-ui/react-slot/dist/index.m
js:44:11
    at file:///C:/Users/ace
r/OneDrive/Desktop/final-pr
oject02/node_modules/@radix
-ui/react-slot/dist/index.m
js:17:11
    at C:\Users\acer\OneDri
ve\Desktop\final-project02\
src\shared\components\ui\bu
tton.tsx:35:66
    at form
    at FormProvider (file:/
//C:/Users/acer/OneDrive/De
sktop/final-project02/node_
modules/react-hook-form/dis
t/index.esm.mjs:642:13)
    at div
    at div (C:\Users\acer\O
neDrive\Desktop\final-proje
ct02\src\test\setup.tsx:8:2
1)
    at AnimatePresence (C:\
Users\acer\OneDrive\Desktop
\final-project02\src\test\s
etup.tsx:41:29)
    at div
    at div (C:\Users\acer\O
neDrive\Desktop\final-proje
ct02\src\test\setup.tsx:8:2
1)
    at div
    at div (C:\Users\acer\O
neDrive\Desktop\final-proje
ct02\src\test\setup.tsx:8:2
1)
    at div
    at AuthPage (C:\Users\a
cer\OneDrive\Desktop\final-
project02\src\core\pages\Au
thPage.tsx:85:58)
    at Router (C:\Users\ace
r\OneDrive\Desktop\final-pr
oject02\node_modules\react-
router\dist\umd\react-route
r.development.js:1207:17)
    at MemoryRouter (C:\Use
rs\acer\OneDrive\Desktop\fi
nal-project02\node_modules\
react-router\dist\umd\react
-router.development.js:1101
:7)
    at Provider (file:///C:
/Users/acer/OneDrive/Deskto
p/final-project02/node_modu
les/@radix-ui/react-context
/dist/index.mjs:27:15)
    at TooltipProvider (fil
e:///C:/Users/acer/OneDrive
/Desktop/final-project02/no
de_modules/@radix-ui/react-
tooltip/dist/index.mjs:29:5
)
    at QueryClientProvider 
(file:///C:/Users/acer/OneD
rive/Desktop/final-project0
2/node_modules/@tanstack/re
act-query/build/modern/Quer
yClientProvider.js:20:3)
    at AllTheProviders (C:\
Users\acer\OneDrive\Desktop
\final-project02\src\test\t
estUtils.tsx:23:28)
Warning: React does not 
recognize the `whileTap` 
prop on a DOM element. If 
you intentionally want it 
to appear in the DOM as a 
custom attribute, spell it 
as lowercase `whiletap` 
instead. If you 
accidentally passed it 
from a parent component, 
remove it from the DOM 
element.
    at button
    at button (C:\Users\ace
r\OneDrive\Desktop\final-pr
oject02\src\test\setup.tsx:
16:24)
    at file:///C:/Users/ace
r/OneDrive/Desktop/final-pr
oject02/node_modules/@radix
-ui/react-slot/dist/index.m
js:44:11
    at file:///C:/Users/ace
r/OneDrive/Desktop/final-pr
oject02/node_modules/@radix
-ui/react-slot/dist/index.m
js:17:11
    at C:\Users\acer\OneDri
ve\Desktop\final-project02\
src\shared\components\ui\bu
tton.tsx:35:66
    at form
    at FormProvider (file:/
//C:/Users/acer/OneDrive/De
sktop/final-project02/node_
modules/react-hook-form/dis
t/index.esm.mjs:642:13)
    at div
    at div (C:\Users\acer\O
neDrive\Desktop\final-proje
ct02\src\test\setup.tsx:8:2
1)
    at AnimatePresence (C:\
Users\acer\OneDrive\Desktop
\final-project02\src\test\s
etup.tsx:41:29)
    at div
    at div (C:\Users\acer\O
neDrive\Desktop\final-proje
ct02\src\test\setup.tsx:8:2
1)
    at div
    at div (C:\Users\acer\O
neDrive\Desktop\final-proje
ct02\src\test\setup.tsx:8:2
1)
    at div
    at AuthPage (C:\Users\a
cer\OneDrive\Desktop\final-
project02\src\core\pages\Au
thPage.tsx:85:58)
    at Router (C:\Users\ace
r\OneDrive\Desktop\final-pr
oject02\node_modules\react-
router\dist\umd\react-route
r.development.js:1207:17)
    at MemoryRouter (C:\Use
rs\acer\OneDrive\Desktop\fi
nal-project02\node_modules\
react-router\dist\umd\react
-router.development.js:1101
:7)
    at Provider (file:///C:
/Users/acer/OneDrive/Deskto
p/final-project02/node_modu
les/@radix-ui/react-context
/dist/index.mjs:27:15)
    at TooltipProvider (fil
e:///C:/Users/acer/OneDrive
/Desktop/final-project02/no
de_modules/@radix-ui/react-
tooltip/dist/index.mjs:29:5
)
    at QueryClientProvider 
(file:///C:/Users/acer/OneD
rive/Desktop/final-project0
2/node_modules/@tanstack/re
act-query/build/modern/Quer
yClientProvider.js:20:3)
    at AllTheProviders (C:\
Users\acer\OneDrive\Desktop
\final-project02\src\test\t
estUtils.tsx:23:28)
Warning: Received `true` 
for a non-boolean 
attribute `layout`.

If you want to write it to 
the DOM, pass a string 
instead: layout="true" or 
layout={value.toString()}.
    at div
    at div (C:\Users\acer\O
neDrive\Desktop\final-proje
ct02\src\test\setup.tsx:8:2
1)
    at div
    at div (C:\Users\acer\O
neDrive\Desktop\final-proje
ct02\src\test\setup.tsx:8:2
1)
    at div
    at AuthPage (C:\Users\a
cer\OneDrive\Desktop\final-
project02\src\core\pages\Au
thPage.tsx:85:58)
    at Router (C:\Users\ace
r\OneDrive\Desktop\final-pr
oject02\node_modules\react-
router\dist\umd\react-route
r.development.js:1207:17)
    at MemoryRouter (C:\Use
rs\acer\OneDrive\Desktop\fi
nal-project02\node_modules\
react-router\dist\umd\react
-router.development.js:1101
:7)
    at Provider (file:///C:
/Users/acer/OneDrive/Deskto
p/final-project02/node_modu
les/@radix-ui/react-context
/dist/index.mjs:27:15)
    at TooltipProvider (fil
e:///C:/Users/acer/OneDrive
/Desktop/final-project02/no
de_modules/@radix-ui/react-
tooltip/dist/index.mjs:29:5
)
    at QueryClientProvider 
(file:///C:/Users/acer/OneD
rive/Desktop/final-project0
2/node_modules/@tanstack/re
act-query/build/modern/Quer
yClientProvider.js:20:3)
    at AllTheProviders (C:\
Users\acer\OneDrive\Desktop
\final-project02\src\test\t
estUtils.tsx:23:28)
ΓÜá∩╕Å React Router Future 
Flag Warning: React Router 
will begin wrapping state 
updates in 
`React.startTransition` in 
v7. You can use the 
`v7_startTransition` 
future flag to opt-in 
early. For more 
information, see https://re
actrouter.com/v6/upgrading/
future#v7_starttransition.
ΓÜá∩╕Å React Router Future 
Flag Warning: Relative 
route resolution within 
Splat routes is changing 
in v7. You can use the 
`v7_relativeSplatPath` 
future flag to opt-in 
early. For more 
information, see https://re
actrouter.com/v6/upgrading/
future#v7_relativesplatpath
.

[90mstderr[2m | src/__tes
ts__/ai.integration.test.ts
x[2m > 
[22m[2mAITutorPage 
Integration[2m > 
[22m[2mshould handle AI 
service errors
[22m[39mAI Tutor Error: 
Error: Service error
    at [90mC:\Users\acer\O
neDrive\Desktop\final-proje
ct02\[39msrc\__tests__\ai.
integration.test.tsx:44:46
    at [90mfile:///C:/User
s/acer/OneDrive/Desktop/fin
al-project02/[39mnode_modu
les/[4m@vitest/runner[24m
/dist/chunk-hooks.js:155:11
    at [90mfile:///C:/User
s/acer/OneDrive/Desktop/fin
al-project02/[39mnode_modu
les/[4m@vitest/runner[24m
/dist/chunk-hooks.js:752:26
    at [90mfile:///C:/User
s/acer/OneDrive/Desktop/fin
al-project02/[39mnode_modu
les/[4m@vitest/runner[24m
/dist/chunk-hooks.js:1897:2
0
    at new Promise 
(<anonymous>)
    at runWithTimeout [90m
(file:///C:/Users/acer/OneD
rive/Desktop/final-project0
2/[39mnode_modules/[4m@vi
test/runner[24m/dist/chunk
-hooks.js:1863:10[90m)[39
m
    at runTest [90m(file:/
//C:/Users/acer/OneDrive/De
sktop/final-project02/[39m
node_modules/[4m@vitest/ru
nner[24m/dist/chunk-hooks.
js:1574:12[90m)[39m
    at runSuite [90m(file:
///C:/Users/acer/OneDrive/D
esktop/final-project02/[39
mnode_modules/[4m@vitest/r
unner[24m/dist/chunk-hooks
.js:1729:8[90m)[39m
    at runSuite [90m(file:
///C:/Users/acer/OneDrive/D
esktop/final-project02/[39
mnode_modules/[4m@vitest/r
unner[24m/dist/chunk-hooks
.js:1729:8[90m)[39m
    at runFiles [90m(file:
///C:/Users/acer/OneDrive/D
esktop/final-project02/[39
mnode_modules/[4m@vitest/r
unner[24m/dist/chunk-hooks
.js:1787:3[90m)[39m

 [32mΓ£ô[39m src/__tests__/ai.integration.test.tsx [2m([22m[2m2 tests[22m[2m)[22m[33m 1303[2mms[22m[39m
   [33m[2mΓ£ô[22m[39m AITutorPage Integration[2m > [22mshould send a message and receive an AI response [33m 978[2mms[22m[39m
   [33m[2mΓ£ô[22m[39m AITutorPage Integration[2m > [22mshould handle AI service errors [33m 321[2mms[22m[39m
[90mstderr[2m | src/__tes
ts__/auth.integration.test.
tsx[2m > 
[22m[2mAuthPage 
Integration[2m > 
[22m[2mshould 
successfully log in and 
navigate to dashboard
[22m[39mNot implemented: 
HTMLCanvasElement's 
getContext() method: 
without installing the 
canvas npm package

[90mstderr[2m | src/__tes
ts__/auth.integration.test.
tsx[2m > 
[22m[2mAuthPage 
Integration[2m > 
[22m[2mshould show error 
message on failed login
[22m[39mNot implemented: 
HTMLCanvasElement's 
getContext() method: 
without installing the 
canvas npm package

[90mstderr[2m | src/__tes
ts__/auth.integration.test.
tsx[2m > 
[22m[2mAuthPage 
Integration[2m > 
[22m[2mshould show error 
message on failed login
[22m[39mAuth error: 
Error: Invalid credentials
    at onSubmit [90m(C:\Us
ers\acer\OneDrive\Desktop\f
inal-project02\[39msrc\cor
e\pages\AuthPage.tsx:133:27
[90m)[39m
    at [90mfile:///C:/User
s/acer/OneDrive/Desktop/fin
al-project02/[39mnode_modu
les/[4mreact-hook-form[24
m/src/logic/createFormContr
ol.ts:1419:11

 [32mΓ£ô[39m src/__tests__/auth.integration.test.tsx [2m([22m[2m2 tests[22m[2m)[22m[33m 1669[2mms[22m[39m
   [33m[2mΓ£ô[22m[39m AuthPage Integration[2m > [22mshould successfully log in and navigate to dashboard [33m 1429[2mms[22m[39m

[31mΓÄ»ΓÄ»ΓÄ»ΓÄ»ΓÄ»ΓÄ»[39
m[1m[41m Failed Suites 1 
[49m[22m[31mΓÄ»ΓÄ»ΓÄ»ΓÄ»
ΓÄ»ΓÄ»ΓÄ»[39m

[41m[1m FAIL [22m[49m s
rc/test/components.test.tsx
[2m [ src/test/components.
test.tsx ][22m
[31m[1mError[22m: 
Failed to resolve import ".
./components/task/DailyChal
lenge" from "src/test/compo
nents.test.tsx". Does the 
file exist?[39m
  Plugin: [35mvite:import-
analysis[39m
  File: [36mC:/Users/acer/
OneDrive/Desktop/final-proj
ect02/src/test/components.t
est.tsx[39m:4:27
[33m  3  |  import { 
render, screen } from 
'@testing-library/react';
  4  |  import { 
MemoryRouter } from 
'react-router-dom';
  5  |  import 
DailyChallenge from '../com
ponents/task/DailyChallenge
';
     |                     
         ^
  6  |  import React from 
'react';
  7  |  
describe('DailyChallenge 
Component', ()=>{[39m
[90m [2mΓ¥»[22m Transfor
mPluginContext._formatLog n
ode_modules/vite/dist/node/
chunks/config.js:[2m28999:
43[22m[39m
[90m [2mΓ¥»[22m Transfor
mPluginContext.error node_m
odules/vite/dist/node/chunk
s/config.js:[2m28996:14[2
2m[39m
[90m [2mΓ¥»[22m 
normalizeUrl node_modules/v
ite/dist/node/chunks/config
.js:[2m27119:18[22m[39m
[90m [2mΓ¥»[22m node_mod
ules/vite/dist/node/chunks/
config.js:[2m27177:32[22m
[39m
[90m [2mΓ¥»[22m Transfor
mPluginContext.transform no
de_modules/vite/dist/node/c
hunks/config.js:[2m27145:4
[22m[39m
[90m [2mΓ¥»[22m Environm
entPluginContainer.transfor
m node_modules/vite/dist/no
de/chunks/config.js:[2m287
97:14[22m[39m
[90m [2mΓ¥»[22m 
loadAndTransform node_modul
es/vite/dist/node/chunks/co
nfig.js:[2m22670:26[22m[
39m

[31m[2mΓÄ»ΓÄ»ΓÄ»ΓÄ»ΓÄ»ΓÄ»
ΓÄ»ΓÄ»ΓÄ»ΓÄ»ΓÄ»ΓÄ»ΓÄ»ΓÄ»ΓÄ»
ΓÄ»ΓÄ»ΓÄ»ΓÄ»ΓÄ»ΓÄ»ΓÄ»ΓÄ»ΓÄ»
[1/1]ΓÄ»[22m[39m


[2m Test Files [22m [1m[31m1 failed[39m[22m[2m | [22m[1m[32m4 passed[39m[22m[90m (5)[39m
[2m      Tests [22m [1m[32m7 passed[39m[22m[90m (7)[39m
[2m   Start at [22m 23:41:11
[2m   Duration [22m 13.91s[2m (transform 1.03s, setup 4.32s, collect 10.40s, tests 3.69s, environment 31.31s, prepare 3.03s)[22m

